// Jest Snapshot v1, https://goo.gl/fbAQLP

exports[`pruebas en GifItem.jsx Debe de hacer match con el snapshot  1`] = `
<div>
  <div
    class="card"
  >
    <img
      alt="Saitama"
      src="https://github.com/"
    />
    <p>
      Saitama
    </p>
  </div>
</div>
`;
